// Jest Snapshot v1, https://goo.gl/fbAQLP

exports[`Testing Button component should match the snapshot 1`] = `
<button
  className="button"
  id="test"
  onClick={[MockFunction]}
  type="button"
>
  Hello
</button>
`;
